
Asus@Rohit MINGW64 ~
$ cd N:\GitDemo

Asus@Rohit MINGW64 /n/GitDemo (master)
$ touch debug.log

Asus@Rohit MINGW64 /n/GitDemo (master)
$ mkdir log

Asus@Rohit MINGW64 /n/GitDemo (master)
$ touch log/Dummy.text

Asus@Rohit MINGW64 /n/GitDemo (master)
$ touch .gitignore

Asus@Rohit MINGW64 /n/GitDemo (master)
$ git status
On branch master
Your branch is up to date with 'origin/master'.

Untracked files:
  (use "git add <file>..." to include in what will be committed)
        .gitignore

nothing added to commit but untracked files present (use "git add" to track)

Asus@Rohit MINGW64 /n/GitDemo (master)
$ git add .gitignore

Asus@Rohit MINGW64 /n/GitDemo (master)
$ git commit -m "Added .gitignore to ignore .log files and folders"
[master f3c0147] Added .gitignore to ignore .log files and folders
 1 file changed, 2 insertions(+)
 create mode 100644 .gitignore

Asus@Rohit MINGW64 /n/GitDemo (master)
$ git push origin master
Enumerating objects: 4, done.
Counting objects: 100% (4/4), done.
Delta compression using up to 16 threads
Compressing objects: 100% (2/2), done.
Writing objects: 100% (3/3), 311 bytes | 311.00 KiB/s, done.
Total 3 (delta 0), reused 0 (delta 0), pack-reused 0 (from 0)
remote:
remote: To create a merge request for master, visit:
remote:   https://gitlab.com/sriram-group/gitdemo/-/merge_requests/new?merge_request%5Bsource_branch%5D=master
remote:
To https://gitlab.com/sriram-group/gitdemo.git
   c0adda2..f3c0147  master -> master

Asus@Rohit MINGW64 /n/GitDemo (master)
$
