
Asus@Rohit MINGW64 ~
$ git version
git version 2.47.1.windows.1

Asus@Rohit MINGW64 ~
$ git config --global user.name "ShriramRsn"

Asus@Rohit MINGW64 ~
$ git config --global user.email "shriramrs24@gmail.com"

Asus@Rohit MINGW64 ~
$ git config --global --list
filter.lfs.clean=git-lfs clean -- %f
filter.lfs.smudge=git-lfs smudge -- %f
filter.lfs.process=git-lfs filter-process
filter.lfs.required=true
user.name=ShriramRsn
user.email=shriramrs24@gmail.com

Asus@Rohit MINGW64 ~
$ notepad++

Asus@Rohit MINGW64 ~
$ notepad++.exe bash -profile
bash: notepad++.exe: command not found

Asus@Rohit MINGW64 ~
$ notepad++
notepad++.exe bash -profile

Asus@Rohit MINGW64 ~
$ alias npp='notepad++.exe -multiInst -nosession'

Asus@Rohit MINGW64 ~
$ git config --global core.editor "notepad++.exe -multiInst -nosession"

Asus@Rohit MINGW64 ~
$ git config --global -e
hint: Waiting for your editor to close the file... notepad++.exe -multiInst -nosession: line 1: notepad++.exe: command not found
error: there was a problem with the editor 'notepad++.exe -multiInst -nosession'

Asus@Rohit MINGW64 ~
$ git config --global -e

Asus@Rohit MINGW64 ~
$ cd N:\GitDemo

Asus@Rohit MINGW64 /n/GitDemo
$ git init GitDemo
Initialized empty Git repository in N:/GitDemo/GitDemo/.git/

Asus@Rohit MINGW64 /n/GitDemo
$ ls -al
total 12
drwxr-xr-x 1 Asus 197609 0 Aug  3 15:07 ./
drwxr-xr-x 1 Asus 197609 0 Aug  3 15:05 ../
drwxr-xr-x 1 Asus 197609 0 Aug  3 15:07 git/

Asus@Rohit MINGW64 /n/GitDemo
$ echo "Welcome to the version control" >> welcome.text

Asus@Rohit MINGW64 /n/GitDemo
$ ls -al
total 13
drwxr-xr-x 1 Asus 197609  0 Aug  3 15:08 ./
drwxr-xr-x 1 Asus 197609  0 Aug  3 15:05 ../
drwxr-xr-x 1 Asus 197609  0 Aug  3 15:07 git/
-rw-r--r-- 1 Asus 197609 31 Aug  3 15:08 welcome.text

Asus@Rohit MINGW64 /n/GitDemo
$ cat welcome.text
Welcome to the version control

Asus@Rohit MINGW64 /n/GitDemo
$ git status
On branch master

No commits yet

Untracked files:
  (use "git add <file>..." to include in what will be committed)
        welcome.text

nothing added to commit but untracked files present (use "git add" to track)

Asus@Rohit MINGW64 /n/GitDemo (master)
$ git status
On branch master

No commits yet

Untracked files:
  (use "git add <file>..." to include in what will be committed)
        welcome.text

nothing added to commit but untracked files present (use "git add" to track)

Asus@Rohit MINGW64 /n/GitDemo (master)
$ git add welcome.txt
fatal: pathspec 'welcome.txt' did not match any files

Asus@Rohit MINGW64 /n/GitDemo (master)
$ git status
On branch master

No commits yet

Untracked files:
  (use "git add <file>..." to include in what will be committed)
        welcome.text

nothing added to commit but untracked files present (use "git add" to track)

Asus@Rohit MINGW64 /n/GitDemo (master)
$ git add welcome. text
fatal: pathspec 'welcome.' did not match any files

Asus@Rohit MINGW64 /n/GitDemo (master)
$ git add welcome.text
warning: in the working copy of 'welcome.text', LF will be replaced by CRLF the next time Git touches it

Asus@Rohit MINGW64 /n/GitDemo (master)
$ git commit
Aborting commit due to empty commit message.

Asus@Rohit MINGW64 /n/GitDemo (master)
$ git commit
Aborting commit due to empty commit message.

Asus@Rohit MINGW64 /n/GitDemo (master)
$ git status
On branch master

No commits yet

Changes to be committed:
  (use "git rm --cached <file>..." to unstage)
        new file:   welcome.text


Asus@Rohit MINGW64 /n/GitDemo (master)
$ git commit -m "welcome to version control text added"
[master (root-commit) c0adda2] welcome to version control text added
 1 file changed, 1 insertion(+)
 create mode 100644 welcome.text

Asus@Rohit MINGW64 /n/GitDemo (master)
$ git status
On branch master
nothing to commit, working tree clean

Asus@Rohit MINGW64 /n/GitDemo (master)
$ git pull origin master
fatal: 'origin' does not appear to be a git repository
fatal: Could not read from remote repository.

Please make sure you have the correct access rights
and the repository exists.

Asus@Rohit MINGW64 /n/GitDemo (master)
$ git remote add origin https://gitlab.com/sriram-group/gitdemo.git

Asus@Rohit MINGW64 /n/GitDemo (master)
$ git remote set-url origin https://gitlab.com/sriram-group/gitdemo.git

Asus@Rohit MINGW64 /n/GitDemo (master)
$ git push -u origin master
info: please complete authentication in your browser...
Enumerating objects: 3, done.
Counting objects: 100% (3/3), done.
Writing objects: 100% (3/3), 265 bytes | 265.00 KiB/s, done.
Total 3 (delta 0), reused 0 (delta 0), pack-reused 0 (from 0)
remote:
remote: To create a merge request for master, visit:
remote:   https://gitlab.com/sriram-group/gitdemo/-/merge_requests/new?merge_request%5Bsource_branch%5D=master
remote:
To https://gitlab.com/sriram-group/gitdemo.git
 * [new branch]      master -> master
branch 'master' set up to track 'origin/master'.

Asus@Rohit MINGW64 /n/GitDemo (master)
$ git push -u origin master
branch 'master' set up to track 'origin/master'.
Everything up-to-date

Asus@Rohit MINGW64 /n/GitDemo (master)
$ 